// Jest Snapshot v1, https://goo.gl/fbAQLP

exports[`testing the add notes action user add note with title and notes succeed 1`] = `[Function]`;
